// Vitest Snapshot v1, https://vitest.dev/guide/snapshot.html

exports[`MapRenderer > renders the Clinton St viewport at z14 (golden frame) 1`] = `
"⠁⠅⠁⠅⠁⠅⠁⠅⠁⠅⠁⠅⠁⠅⠁⠅⠁⠅⠁⠅⠁⠅⠁⠅⠁⠅⠁⠅⠁⠅⠁⠅⠁⠅⠁⠅⠁⠅⠁⠅⠁⠅⠁⠅⠁⠅⠁⠅⠁⠅⠁⠅⠁⠅⠁⠅⠁⠅⠁⠅
⠁⠅⠁⠅⠁⠅⠁⠅⠁⠅⠁⠅⠁⠅⠁⠅⠁⠅⠁⠅⠁⠅⠁⠅⠁⠅⠁⠅⠁⠅⠁⠅⠁⠅⠁⠅⠁⠅⠁⠅⠁⠅⠁⠅⠁⠅⠁⠅⠁⠅⠁⠅⠁⠅⠁⠅⠁⠅⠁⠅
⠁⠅⠁⠅⠁⠅⠁⠅⠁⠅⠁⠅⠁⠅⠁⠅⠁⠅⠁⠅⠁⠅⠁⠅⠁⠅⠁⠅⠁⠅⠁⠅⠁⠅⠁⠅⠁⠅⠁⠅⠁⠅⠁⠅⠁⠅⠁⠅⠁⠅⠁⠅⠁⠅⠁⠅⠁⠅⠁⠅
⠁⠅⠁⠅⠁⠅⠁⠅⠁⠅⠁⠅⠁⠅⠁⠅⠁⠅⠁⠅⠁⠅⠁⠅⠁⠅⠁⠅⠁⠅⠁⠅⠁⠅⠁⠅⠁⠅⠁⠅⠁⠅⠁⠅⠁⠅⠁⠅⠁⠅⠁⠅⠁⠅⠁⠅⠁⠅⠁⠅
⠁⠅⠁⠅⠁⠅⠁⠅⠁⠅⠁⠅⠁⠅⠁⠅⠁⠅⠁⠅⠁⠅⠁⠅⠁⠅⠁⠅⠁⠅⠁⠅⠁⠅⠁⠅⠁⠅⠁⠅⠁⠅⠁⠅⠁⠅⠁⠅⠁⠅⠁⠅⠁⠅⠁⠅⠁⠅⠁⠅
⠁⠅⠁⠅⠁⠅⠁⠅⠁⠅⠁⠅⠁⠅⠁⠅⠁⠅⠁⠅⠁⠅⠁⠅⠁⠅⠁⠅⠁⠅⠁⠅⠁⠅⠁⠅⠁⠅⠁⠅⠁⠅⠁⠅⠁⠅⠁⠅⠁⠅⠁⠅⠁⠅⠁⠅⠁⠅⠁⠅
⠁⠅⠁⠅⠁⠅⠁⠅⠁⠅⠁⠅⠁⠅⠁⠅⠁⠅⠁⠅⠁⠅⠁⠅⠁⠅⠁⠅⠁⠅⠁⠅⠁⠅⠁⠅⠁⠅⠁⠅⠁⠅⠁⠅⠁⠅⠁⠅⠁⠅⠁⠅⠁⠅⠁⠅⠁⠅⠁⠅
⠁⠅⠁⠅⠁⠅⠁⠅⠁⠅⠁⠅⠁⠅⠁⠅⠁⠅⠁⠅⠁⠅⠁⠅⠁⠅⠁⠅⠁⠅⠁⠅⠁⠅⠁⠅⠁⠅⠁⠅⠁⠅⠁⠅⠁⠅⠁⠅⠁⠅⠁⠅⠁⠅⠁⠅⠁⠅⠁⠅
⠁⠅⠁⠅⠁⠅⠁⠅⠁⠅⠁⠅⠁⠅⠁⠅⠁⠅⠁⠅⠁⠅⠁⠅⠁⠅⠁⠅⠁⠅⠁⠅⠁⠅⠁⠅⠁⠅⠁⠅⠁⠅⠁⠅⠁⠅⠁⠅⠁⠅⠁⠅⠁⠅⠁⠅⠁⠅⠁⠅
⠁⠅⠁⠅⠁⠅⠁⠅⠁⠅⠁⠅⠁⠅⠁⠅⠁⠅⠁⠅⠁⠅⠁⠅⠁⠅⠁⠅⠁⠅⠁⠅⠁⠅⠁⠅⠁⠅⠁⠅⠁⠅⠁⠅⠁⠅⠁⠅⠁⠅⠁⠅⠁⠅⠁⠅⠁⠅⠁⠅
⠁⠅⠁⠅⠁⠅⠁⠅⠁⠅⠁⠅⠁⠅⠁⠅⠁⠅⠁⠅⠁⠅⠁⠅⠁⠅⠁⠅⠁⠅⠁⠅⠁⠅⠁⠅⠁⠅⠁⠅⠁⠅⠁⠅⠁⠅⠁⠅⠁⠅⠁⠅⠁⠅⠁⠅⠁⠅⠁⠅
⢁⢅⢁⢅⢁⢅⢁⢅⢁⢅⢁⢅⢁⢅⢁⢅⢁⢅⢁⢅⢁⢅⢁⢅⢁⢅⢁⢅⢁⢅⢁⢅⢁⢅⢁⢅⢁⢅⢁⢅⢁⢅⢁⢅⢁⢅⢁⢅⢁⢅⢁⢅⢁⢅⢁⢅⢁⢅⢁⢅
⠉⠅⠉⠅⠉⠅⠉⠅⠉⠅⠉⠅⠉⠅⠉⠅⠉⠅⠉⠅⠉⠅⠉⠅⠉⠅⠉⠅⠉⠅Clinton⠅⠉⠅⠉⠅⠉⠅⠉⠅⠉⠅⠉⠅⠉⠅⠉⠅⠉⠅⠉⠅⠉⠅
⠁⠅⠁⠅⠁⠅⠁⠅⠁⠅⠁⠅⠁⠅⠁⠅⠁⠅⠁⠅⠁⠅⠁⠅⠁⠅⠁⠅⠁⠅⠁⠅⠁⠅⠁⠅⠁⠅⠁⠅⠁⠅⠁⠅⠁⠅⠁⠅⠁⠅⠁⠅⠁⠅⠁⠅⠁⠅⠁⠅
⠁⠅⠁⠅⠁⠅⠁⠅⠁⠅⠁⠅⠁⠅⠁⠅⠁⠅⠁⠅⠁⠅⠁⠅⠁⠅⠁⠅⠁⠅⠁⠅⠁⠅⠁⠅⠁⠅⠁⠅⠁⠅⠁⠅⠁⠅⠁⠅⠁⠅⠁⠅⠁⠅⠁⠅⠁⠅⠁⠅
⠁⠅⠁⠅⠁⠅⠁⠅⠁⠅⠁⠅⠁⠅⠁⠅⠁⠅⠁⠅⠁⠅⠁⠅⠁⠅⠁⠅⠁⠅⠁⠅⠁⠅⠁⠅⠁⠅⠁⠅⠁⠅⠁⠅⠁⠅⠁⠅⠁⠅⠁⠅⠁⠅⠁⠅⠁⠅⠁⠅
⠁⠅⠁⠅⠁⠅⠁⠅⠁⠅⠁⠅⠁⠅⠁⠅⠁⠅⠁⠅⠁⠅⠁⠅⠁⠅⠁⠅⠁⠅⠁⠅⠁⠅⠁⠅⠁⠅⠁⠅⠁⠅⠁⠅⠁⠅⠁⠅⠁⠅⠁⠅⠁⠅⠁⠅⠁⠅⠁⠅
⠁⠅⠁⠅⠁⠅⠁⠅⠁⠅⠁⠅⠁⠅⠁⠅⠁⠅⠁⠅⠁⠅⠁⠅⠁⠅⠁⠅⠁⠅⠁⠅⠁⠅⠁⠅⠁⠅⠁⠅⠁⠅⠁⠅⠁⠅⠁⠅⠁⠅⠁⠅⠁⠅⠁⠅⠁⠅⠁⠅
⠁⠅⠁⠅⠁⠅⠁⠅⠁⠅⠁⠅⠁⠅⠁⠅⠁⠅⠁⠅⠁⠅⠁⠅⠁⠅⠁⠅⠁⠅⠁⠅⠁⠅⠁⠅⠁⠅⠁⠅⠁⠅⠁⠅⠁⠅⠁⠅⠁⠅⠁⠅⠁⠅⠁⠅⠁⠅⠁⠅
⠁⠅⠁⠅⠁⠅⠁⠅⠁⠅⠁⠅⠁⠅⠁⠅⠁⠅⠁⠅⠁⠅⠁⠅⠁⠅⠁⠅⠁⠅⠁⠅⠁⠅⠁⠅⠁⠅⠁⠅⠁⠅⠁⠅⠁⠅⠁⠅⠁⠅⠁⠅⠁⠅⠁⠅⠁⠅⠁⠅
⠁⠅⠁⠅⠁⠅⠁⠅⠁⠅⠁⠅⠁⠅⠁⠅⠁⠅⠁⠅⠁⠅⠁⠅⠁⠅⠁⠅⠁⠅⠁⠅⠁⠅⠁⠅⠁⠅⠁⠅⠁⠅⠁⠅⠁⠅⠁⠅⠁⠅⠁⠅⠁⠅⠁⠅⠁⠅⠁⠅
⠁⠅⠁⠅⠁⠅⠁⠅⠁⠅⠁⠅⠁⠅⠁⠅⠁⠅⠁⠅⠁⠅⠁⠅⠁⠅⠁⠅⠁⠅⠁⠅⠁⠅⠁⠅⠁⠅⠁⠅⠁⠅⠁⠅⠁⠅⠁⠅⠁⠅⠁⠅⠁⠅⠁⠅⠁⠅⠁⠅
⠁⠅⠁⠅⠁⠅⠁⠅⠁⠅⠁⠅⠁⠅⠁⠅⠁⠅⠁⠅⠁⠅⠁⠅⠁⠅⠁⠅⠁⠅⠁⠅⠁⠅⠁⠅⠁⠅⠁⠅⠁⠅⠁⠅⠁⠅⠁⠅⠁⠅⠁⠅⠁⠅⠁⠅⠁⠅⠁⠅
⠁⠅⠁⠅⠁⠅⠁⠅⠁⠅⠁⠅⠁⠅⠁⠅⠁⠅⠁⠅⠁⠅⠁⠅⠁⠅⠁⠅⠁⠅⠁⠅⠁⠅⠁⠅⠁⠅⠁⠅⠁⠅⠁⠅⠁⠅⠁⠅⠁⠅⠁⠅⠁⠅⠁⠅⠁⠅⠁⠅"
`;

exports[`MapRenderer > renders the zoomed-out extent at z11 (golden frame) 1`] = `
"⢙⠅⠁⠅⠁⠅⠁⠅⠁⠅⠁⠅⠁⠅⠁⠅⠁⠅⠁⠅⠁⠅⢙⠅⠁⠅⠁⠅⠁⠅⠁⠅⠁⠅⠁⠅⠁⠅⠁⠅⠁⠅⠁⠅⢙⠅⠁⠅⠁⠅⠁⢅⠕⠅⠁⠅⠁⠅⠁⠅
⢝⠥⠅⠥⠅⠥⠅⠥⠅⠥⠅⠥⠅⠥⠅⠥⠅⠥⠅⠥⠅⠥⢝⠥⠅⠥⠅⠥⠅⠥⠅⠥⠅⠥⠅⠥⠅⠥⠅⠥⠅⠥⠅⠥⢝⠥⠅⠥⠅⠥⠕⠥⠅⠥⠅⠥⠅⠥⠅⠥
⢙⠅⠁⠅⠁⠅⠁⠅⠁⠅⠁⠅⠁⠅⠁⠅⠁⠅⠁⠅⠁⠅⢙⠅⠁⠅⠁⠅⠁⠅⠁⠅⠁⠅⠁⠅⠁⠅⠁⠅⠁⠅⠁⠅⢙⠅⠁⠅⠁⠅⠁⠅⠁⠅⠁⠅⠁⠅⠁⠅
⢙⠅⠁⠅⠁⠅⠁⠅⠁⠅⠁⠅⠁⠅⠁⠅⠁⠅⠁⠅⠁⠅⢙⠅⠁⠅⠁⠅⠁⠅⠁⠅⠁⠅⠁⠅⠁⠅⠁⠅⠁⠅⠁⠅⢙⠕⠁⠅⠁⠅⠁⠅⠁⠅⠁⠅⠁⠅⠁⠅
⢙⠅⠁⠅⠁⠅⠁⠅⠁⠅⠁⠅⠁⠅⠁⠅⠁⠅⠁⠅⠁⠅⢙⠅⠁⠅⠁⠅⠁⠅⠁⠅⠁⠅⠁⠅⠁⠅⠁⠅⠁⠅⢁⠕⢙⠅⠁⠅⠁⠅⠁⠅⠁⠅⠁⠅⠁⠅⠁⠅
⢙⠅⠁⠅⠁⠅⠁⠅⠁⠅⠁⠅⠁⠅⠁⠅⠁⠅⠁⠅⠁⠅⢙⠅⠁⠅⠁⠅⠁⠅⠁⠅⠁⠅⠁⠅⠁⠅⠁⠅⠁⠕⠁⠅⢙⠅⠁⠅⠁⠅⠁⠅⠁⠅⠁⠅⠁⠅⠁⠅
⢙⠅⠁⠅⠁⠅⠁⠅⠁⠅⠁⠅⠁⠅⠁⠅⠁⠅⠁⠅⠁⠅⢙⠅⠁⠅⠁⠅⠁⠅⠁⠅⠁⠅⠁⠅⠁Portland⠅⠁⠅⠁⠅⠁⠅⠁⠅⠁⠅⠁⠅⠁⠅
⢙⠅⠁⠅⠁⠅⠁⠅⠁⠅⠁⠅⠁⠅⠁⠅⠁⠅⠁⠅⠁⠅⢙⠅⠁⠅⠁⠅⠁⠅⠁⠅⠁⠅⠁⢅⠕⠅⠁⠅⠁⠅⠁⠅⢙⠅⠁⠅⠁⠅⠁⠅⠁⠅⠁⠅⠁⠅⠁⠅
⢙⠅⠁⠅⠁⠅⠁⠅⠁⠅⠁⠅⠁⠅⠁⠅⠁⠅⠁⠅⠁⠅⢙⠅⠁⠅⠁⠅⠁⠅⠁⠅⠁⢅⠕⠅⠁⠅⠁⠅⠁⠅⠁⠅⢙⠅⠁⠅⠁⠅⠁⠅⠁⠅⠁⠅⠁⠅⠁⠅
⢙⠅⠁⠅⠁⠅⠁⠅⠁⠅⠁⠅⠁⠅⠁⠅⠁⠅⠁⠅⠁⠅⢙⠅⠁⠅⠁⠅⠁⠅⠁⠅⠁⠅⠁⠅⠁⠅⠁⠅⠁⠅⠁⠅⢙⠅⠁⠅⠁⠅⠁⠅⠁⠅⠁⠅⠁⠅⠁⠅
⢙⠅⠁⠅⠁⠅⠁⠅⠁⠅⠁⠅⠁⠅⠁⠅⠁⠅⠁⠅⠁⠅⢙⠅⠁⠅⠁⠅⠁⠅⠁⠅⠁⠅⠁⠅⠁⠅⠁⠅⠁⠅⠁⠅⢙⠅⠁⠅⠁⠅⠁⠅⠁⠅⠁⠅⠁⠅⠁⠅
⢙⠅⠁⠅⠁⠅⠁⠅⠁⠅⠁⠅⠁⠅⠁⠅⠁⠅⠁⠅⠁⠅⢙⠅⠁⠅⢁⠕⠁⠅⠁⠅⠁⠅⠁⠅⠁⠅⠁⠅⠁⠅⠁⠅⢙⠅⠁⠅⠁⠅⠁⠅⠁⠅⠁⠅⠁⠅⠁⠅
⢙⠅⠉⠅⠉⠅⠉⠅⠉⠅⠉⠅⠉⠅⠉⠅⠉⠅⠉⠅⠉⠅⢙⠅⢉⠕⠉⠅⠉⠅⠉⠅⠉⠅⠉⠅⠉⠅⠉⠅⠉⠅⠉⠅⢙⠅⠉⠅⠉⠅⠉⠅⠉⠅⠉⠅⠉⠅⠉⠅
⢙⠅⠁⠅⠁⠅⠁⠅⠁⠅⠁⠅⠁⠅⠁⠅⠁⠅⠁⠅⠁⠅⢙⠅⠁⠅⠁⠅⠁⠅⠁⠅⠁⠅⠁⠅⠁⠅⠁⠅⠁⠅⠁⠅⢙⠅⠁⠅⠁⠅⠁⠅⠁⠅⠁⠅⠁⠅⠁⠅
⢙⠅⠁⠅⠁⠅⠁⠅⠁⠅⠁⠅⠁⠅⠁⠅⠁⠅⠁⢅⠁⠅⢙⠅⠁⠅⠁⠅⠁⠅⠁⠅⠁⠅⠁⠅⠁⠅⠁⠅⠁⠅⠁⠅⢙⠅⠁⠅⠁⠅⠁⠅⠁⠅⠁⠅⠁⠅⠁⠅
⢙⠕⠑⠕⠑⠕⠑⠕⠑⠕⠑⠕⠑⠕⠑⠕⠑⢕⠕⠕⠑⠕⢙⠕⠑⠕⠑⠕⠑⠕⠑⠕⠑⠕⠑⠕⠑⠕⠑⠕⠑⠕⠑⠕⢙⠕⠑⠕⠑⠕⠑⠕⠑⠕⠑⠕⠑⠕⠑⠕
⢙⠅⠁⠅⠁⠅⠁⠅⠁⠅⠁⠅⠁⠅⠁⠅⠕⠅⠁⠅⠁⠅⢙⠅⠁⠅⠁⠅⠁⠅⠁⠅⠁⠅⠁⠅⠁⠅⠁⠅⠁⠅⠁⠅⢙⠅⠁⠅⠁⠅⠁⠅⠁⠅⠁⠅⠁⠅⠁⠅
⢙⠅⠁⠅⠁⠅⠁⠅⠁⠅⠁⠅⠁⠅⠁⠅⠁⠅⠁⠅⠁⠅⢙⠅⠁⠅⠁⠅⠁⠅⠁⠅⠁⠅⠁⠅⠁⠅⠁⠅⠁⠅⠁⠅⢙⠅⠁⠅⠁⠅⠁⠅⠁⠅⠁⠅⠁⠅⠁⠅
⢙⠅⠁⠅⠁⠅⠁⠅⠁⠅⢁⠅⠁⠅⠁⠅⠁⠅⠁⠅⠁⠅⢙⠅⠁⠅⠁⠅⠁⠅⠁⠅⠁⠅⠁⠅⠁⠅⠁⠅⠁⠅⠁⠅⢙⠅⠁⠅⠁⠅⠁⠅⠁⠅⠁⠅⠁⠅⠁⠅
⢙⠅⠁⠅⠁⠅⠁⠅⢁⠕⠁⠅⠁⠅⠁⠅⠁⠅⠁⠅⠁⠅⢙⠅⠁⠅⠁⠅⠁⠅⠁⠅⠁⠅⠁⠅⠁⠅⠁⠅⠁⠅⠁⠅⢙⠅⠁⠅⠁⠅⠁⠅⠁⠅⠁⠅⠁⠅⠁⠅
⢙⠅⠁⠅⠁⠅⠁⠕⠁⠅⠁⠅⠁⠅⠁⠅⠁⠅⠁⠅⠁⠅⢙⠅⠁⠅⠁⠅⠁⠅⠁⠅⠁⠅⠁⠅⠁⠅⠁⠅⠁⠅⠁⠅⢙⠅⠁⠅⠁⠅⠁⠅⠁⠅⠁⠅⠁⠅⠁⠅
⢙⠅⠁⠅⠁⠅⠁⠅⠁⠅⠁⠅⠁⠅⠁⠅⠁⠅⠁⠅⠁⠅⢙⠅⠁⠅⠁⠅⠁⠅⠁⠅⠁⠅⠁⠅⠁⠅⠁⠅⠁⠅⠁⠅⢙⠅⠁⠅⠁⠅⠁⠅⠁⠅⠁⠅⠁⠅⠁⠅
⢙⢕⠕⠕⠑⠕⠑⠕⠑⠕⠑⠕⠑⠕⠑⠕⠑⠕⠑⠕⠑⠕⢙⠕⠑⠕⠑⠕⠑⠕⠑⠕⠑⠕⠑⠕⠑⠕⠑⠕⠑⠕⠑⠕⢙⠕⠑⠕⠑⠕⠑⠕⠑⠕⠑⠕⠑⠕⠑⠕
⢝⠅⠁⠅⠁⠅⠁⠅⠁⠅⠁⠅⠁⠅⠁⠅⠁⠅⠁⠅⠁⠅⢙⠅⠁⠅⠁⠅⠁⠅⠁⠅⠁⠅⠁⠅⠁⠅⠁⠅⠁⠅⠁⠅⢙⠅⠁⠅⠁⠅⠁⠅⠁⠅⠁⠅⠁⠅⠁⠅"
`;
